// Jest Snapshot v1, https://goo.gl/fbAQLP

exports[`Header component renders the component 1`] = `
<div
  className="css-1kubra9"
>
  <h3
    className="chakra-heading css-13d3w74"
  >
    View GitHub repos
  </h3>
</div>
`;
