// Jest Snapshot v1, https://goo.gl/fbAQLP

exports[`renders the app 1`] = `
<h1>
  Hello world
</h1>
`;
